// Jest Snapshot v1, https://goo.gl/fbAQLP

exports[`Should render dashboard correctly 1`] = `
<div>
  <p>
    DashboardPage content
  </p>
</div>
`;
