// Jest Snapshot v1, https://goo.gl/fbAQLP

exports[`Should render LoginPage correctly 1`] = `
<div
  className="box-layout"
>
  <div
    className="box-layout__box"
  >
    <h1
      className="box-layout__title"
    >
      Boilerplate v2
    </h1>
    <p>
      Get your expenses under control
    </p>
    <button
      className="button"
      onClick={[Function]}
    >
      Login With Google
    </button>
  </div>
</div>
`;
